#
# There is insufficient memory for the Java Runtime Environment to continue.
# Native memory allocation (mmap) failed to map 125829120 bytes. Error detail: G1 virtual space
# Possible reasons:
#   The system is out of physical RAM or swap space
#   This process is running with CompressedOops enabled, and the Java Heap may be blocking the growth of the native heap
# Possible solutions:
#   Reduce memory load on the system
#   Increase physical memory or swap space
#   Check if swap backing store is full
#   Decrease Java heap size (-Xmx/-Xms)
#   Decrease number of Java threads
#   Decrease Java thread stack sizes (-Xss)
#   Set larger code cache with -XX:ReservedCodeCacheSize=
#   JVM is running with Unscaled Compressed Oops mode in which the Java heap is
#     placed in the first 4GB address space. The Java Heap base address is the
#     maximum limit for the native heap growth. Please use -XX:HeapBaseMinAddress
#     to set the Java Heap base and to place the Java Heap above 4GB virtual address.
# This output file may be truncated or incomplete.
#
#  Out of Memory Error (os_windows.cpp:3728), pid=3420, tid=6696
#
# JRE version:  (21.0.10) (build )
# Java VM: OpenJDK 64-Bit Server VM (21.0.10.0.10, mixed mode, emulated-client, sharing, tiered, compressed oops, compressed class ptrs, g1 gc, windows-amd64)
# No core dump will be written. Minidumps are not enabled by default on client versions of Windows
#

---------------  S U M M A R Y ------------

Command Line: -XX:TieredStopAtLevel=1 -Dspring.output.ansi.enabled=always -Dcom.sun.management.jmxremote -Dspring.jmx.enabled=true -Dspring.liveBeansView.mbeanDomain -Dspring.application.admin.enabled=true -Dmanagement.endpoints.jmx.exposure.include=* -javaagent:C:\Program Files\JetBrains\IntelliJIdea2025.2\lib\idea_rt.jar=57516 -Dfile.encoding=UTF-8 -Dsun.stdout.encoding=UTF-8 -Dsun.stderr.encoding=UTF-8 com.printing.PrintingApplication

Host: AMD Ryzen 5 3500U with Radeon Vega Mobile Gfx  , 8 cores, 7G,  Windows 10 , 64 bit Build 19041 (10.0.19041.5915)
Time: Fri May 22 14:28:28 2026 elapsed time: 0.124331 seconds (0d 0h 0m 0s)

---------------  T H R E A D  ---------------

Current thread (0x00000187c2278db0):  JavaThread "Unknown thread" [_thread_in_vm, id=6696, stack(0x0000004732400000,0x0000004732500000) (1024K)]

Stack: [0x0000004732400000,0x0000004732500000]
Native frames: (J=compiled Java code, j=interpreted, Vv=VM code, C=native code)
V  [jvm.dll+0x6d9819]
V  [jvm.dll+0x8baa41]
V  [jvm.dll+0x8bd01e]
V  [jvm.dll+0x8bd703]
V  [jvm.dll+0x282ed6]
V  [jvm.dll+0x6d5f85]
V  [jvm.dll+0x6c9d5a]
V  [jvm.dll+0x35d77a]
V  [jvm.dll+0x365616]
V  [jvm.dll+0x3b75ee]
V  [jvm.dll+0x3b7898]
V  [jvm.dll+0x32e87c]
V  [jvm.dll+0x32f3ea]
V  [jvm.dll+0x884929]
V  [jvm.dll+0x3c43c1]
V  [jvm.dll+0x86d9b3]
V  [jvm.dll+0x458e2e]
V  [jvm.dll+0x45aa41]
C  [jli.dll+0x5278]
C  [ucrtbase.dll+0x21bb2]
C  [KERNEL32.DLL+0x17374]
C  [ntdll.dll+0x4cc91]


---------------  P R O C E S S  ---------------

Threads class SMR info:
_java_thread_list=0x00007ffaa5ec23c8, length=0, elements={
}

Java Threads: ( => current thread )
Total: 0

Other Threads:
  0x00000187c22ca220 WorkerThread "GC Thread#0"                     [id=10236, stack(0x0000004732500000,0x0000004732600000) (1024K)]
  0x00000187c22f75c0 ConcurrentGCThread "G1 Main Marker"            [id=10040, stack(0x0000004732600000,0x0000004732700000) (1024K)]
  0x00000187c22f9390 WorkerThread "G1 Conc#0"                       [id=7376, stack(0x0000004732700000,0x0000004732800000) (1024K)]

[error occurred during error reporting (printing all threads), id 0xc0000005, EXCEPTION_ACCESS_VIOLATION (0xc0000005) at pc=0x00007ffaa55b11f7]
VM state: not at safepoint (not fully initialized)

VM Mutex/Monitor currently owned by a thread:  ([mutex/lock_event])
[0x00007ffaa5f36cd0] Heap_lock - owner thread: 0x00000187c2278db0

Heap address: 0x0000000088c00000, size: 1908 MB, Compressed Oops mode: 32-bit

CDS archive(s) mapped at: [0x0000000000000000-0x0000000000000000-0x0000000000000000), size 0, SharedBaseAddress: 0x0000000800000000, ArchiveRelocationMode: 1.
Narrow klass base: 0x0000000000000000, Narrow klass shift: 0, Narrow klass range: 0x0

GC Precious Log:
 CardTable entry size: 512
 Card Set container configuration: InlinePtr #cards 5 size 8 Array Of Cards #cards 12 size 40 Howl #buckets 4 coarsen threshold 1843 Howl Bitmap #cards 512 size 80 coarsen threshold 460 Card regions per heap region 1 cards per card region 2048

Heap:
 garbage-first heap   total 0K, used 0K [0x0000000088c00000, 0x0000000100000000)
  region size 1024K, 0 young (0K), 0 survivors (0K)

[error occurred during error reporting (printing heap information), id 0xc0000005, EXCEPTION_ACCESS_VIOLATION (0xc0000005) at pc=0x00007ffaa59a33c9]
GC Heap History (0 events):
No events

Dll operation events (1 events):
Event: 0.114 Loaded shared library C:\Users\Reichi\.jdks\dragonwell-ex-21.0.10\bin\java.dll

Deoptimization events (0 events):
No events

Classes loaded (0 events):
No events

Classes unloaded (0 events):
No events

Classes redefined (0 events):
No events

Internal exceptions (0 events):
No events

ZGC Phase Switch (0 events):
No events

VM Operations (0 events):
No events

Memory protections (0 events):
No events

Nmethod flushes (0 events):
No events

Events (0 events):
No events


Dynamic libraries:
0x00007ff786050000 - 0x00007ff78605e000 	C:\Users\Reichi\.jdks\dragonwell-ex-21.0.10\bin\java.exe
0x00007ffb02f90000 - 0x00007ffb03188000 	C:\Windows\SYSTEM32\ntdll.dll
0x00007ffb01110000 - 0x00007ffb011d2000 	C:\Windows\System32\KERNEL32.DLL
0x00007ffb00b60000 - 0x00007ffb00e56000 	C:\Windows\System32\KERNELBASE.dll
0x00007ffb00800000 - 0x00007ffb00900000 	C:\Windows\System32\ucrtbase.dll
0x00007ffafcb20000 - 0x00007ffafcb3b000 	C:\Users\Reichi\.jdks\dragonwell-ex-21.0.10\bin\VCRUNTIME140.dll
0x00007ffafcc10000 - 0x00007ffafcc28000 	C:\Users\Reichi\.jdks\dragonwell-ex-21.0.10\bin\jli.dll
0x00007ffb01540000 - 0x00007ffb016e1000 	C:\Windows\System32\USER32.dll
0x00007ffb00980000 - 0x00007ffb009a2000 	C:\Windows\System32\win32u.dll
0x00007ffaf1b70000 - 0x00007ffaf1e0b000 	C:\Windows\WinSxS\amd64_microsoft.windows.common-controls_6595b64144ccf1df_6.0.19041.6456_none_60b8a6cb71f64256\COMCTL32.dll
0x00007ffb011e0000 - 0x00007ffb0120b000 	C:\Windows\System32\GDI32.dll
0x00007ffb01760000 - 0x00007ffb017fe000 	C:\Windows\System32\msvcrt.dll
0x00007ffb009b0000 - 0x00007ffb00ac9000 	C:\Windows\System32\gdi32full.dll
0x00007ffb00f10000 - 0x00007ffb00fad000 	C:\Windows\System32\msvcp_win.dll
0x00007ffb01410000 - 0x00007ffb0143f000 	C:\Windows\System32\IMM32.DLL
0x00007ffafcc00000 - 0x00007ffafcc0c000 	C:\Users\Reichi\.jdks\dragonwell-ex-21.0.10\bin\vcruntime140_1.dll
0x00007ffadd480000 - 0x00007ffadd50e000 	C:\Users\Reichi\.jdks\dragonwell-ex-21.0.10\bin\msvcp140.dll
0x00007ffaa5270000 - 0x00007ffaa601a000 	C:\Users\Reichi\.jdks\dragonwell-ex-21.0.10\bin\server\jvm.dll
0x00007ffb022d0000 - 0x00007ffb02381000 	C:\Windows\System32\ADVAPI32.dll
0x00007ffb00fc0000 - 0x00007ffb0105f000 	C:\Windows\System32\sechost.dll
0x00007ffb01b60000 - 0x00007ffb01c80000 	C:\Windows\System32\RPCRT4.dll
0x00007ffb00900000 - 0x00007ffb00927000 	C:\Windows\System32\bcrypt.dll
0x00007ffb016f0000 - 0x00007ffb0175b000 	C:\Windows\System32\WS2_32.dll
0x00007ffb00480000 - 0x00007ffb004cb000 	C:\Windows\SYSTEM32\POWRPROF.dll
0x00007ffaf7810000 - 0x00007ffaf7837000 	C:\Windows\SYSTEM32\WINMM.dll
0x00007ffaf7840000 - 0x00007ffaf784a000 	C:\Windows\SYSTEM32\VERSION.dll
0x00007ffb00460000 - 0x00007ffb00472000 	C:\Windows\SYSTEM32\UMPDC.dll
0x00007ffafe490000 - 0x00007ffafe4a2000 	C:\Windows\SYSTEM32\kernel.appcore.dll
0x00007ffafcb60000 - 0x00007ffafcb6a000 	C:\Users\Reichi\.jdks\dragonwell-ex-21.0.10\bin\jimage.dll
0x00007ffaf9900000 - 0x00007ffaf9b01000 	C:\Windows\SYSTEM32\DBGHELP.DLL
0x00007ffaf3100000 - 0x00007ffaf3134000 	C:\Windows\SYSTEM32\dbgcore.DLL
0x00007ffb00ad0000 - 0x00007ffb00b52000 	C:\Windows\System32\bcryptPrimitives.dll
0x00007ffaef420000 - 0x00007ffaef42f000 	C:\Users\Reichi\.jdks\dragonwell-ex-21.0.10\bin\instrument.dll
0x00007ffaf3ab0000 - 0x00007ffaf3acf000 	C:\Users\Reichi\.jdks\dragonwell-ex-21.0.10\bin\java.dll

JVMTI agents:
C:\Program Files\JetBrains\IntelliJIdea2025.2\lib\idea_rt.jar path:none, loaded, not initialized, instrumentlib options:57516

dbghelp: loaded successfully - version: 4.0.5 - missing functions: none
symbol engine: initialized successfully - sym options: 0x614 - pdb path: .;C:\Users\Reichi\.jdks\dragonwell-ex-21.0.10\bin;C:\Windows\SYSTEM32;C:\Windows\WinSxS\amd64_microsoft.windows.common-controls_6595b64144ccf1df_6.0.19041.6456_none_60b8a6cb71f64256;C:\Users\Reichi\.jdks\dragonwell-ex-21.0.10\bin\server

VM Arguments:
jvm_args: -XX:TieredStopAtLevel=1 -Dspring.output.ansi.enabled=always -Dcom.sun.management.jmxremote -Dspring.jmx.enabled=true -Dspring.liveBeansView.mbeanDomain -Dspring.application.admin.enabled=true -Dmanagement.endpoints.jmx.exposure.include=* -javaagent:C:\Program Files\JetBrains\IntelliJIdea2025.2\lib\idea_rt.jar=57516 -Dfile.encoding=UTF-8 -Dsun.stdout.encoding=UTF-8 -Dsun.stderr.encoding=UTF-8 
java_command: com.printing.PrintingApplication
java_class_path (initial): C:\Users\Reichi\Desktop\printing-shop\target\classes;C:\Users\Reichi\.m2\repository\org\springframework\boot\spring-boot-starter-web\3.2.0\spring-boot-starter-web-3.2.0.jar;C:\Users\Reichi\.m2\repository\org\springframework\boot\spring-boot-starter\3.2.0\spring-boot-starter-3.2.0.jar;C:\Users\Reichi\.m2\repository\org\springframework\boot\spring-boot\3.2.0\spring-boot-3.2.0.jar;C:\Users\Reichi\.m2\repository\org\springframework\boot\spring-boot-autoconfigure\3.2.0\spring-boot-autoconfigure-3.2.0.jar;C:\Users\Reichi\.m2\repository\org\springframework\boot\spring-boot-starter-logging\3.2.0\spring-boot-starter-logging-3.2.0.jar;C:\Users\Reichi\.m2\repository\ch\qos\logback\logback-classic\1.4.11\logback-classic-1.4.11.jar;C:\Users\Reichi\.m2\repository\ch\qos\logback\logback-core\1.4.11\logback-core-1.4.11.jar;C:\Users\Reichi\.m2\repository\org\apache\logging\log4j\log4j-to-slf4j\2.21.1\log4j-to-slf4j-2.21.1.jar;C:\Users\Reichi\.m2\repository\org\apache\logging\log4j\log4j-api\2.21.1\log4j-api-2.21.1.jar;C:\Users\Reichi\.m2\repository\org\slf4j\jul-to-slf4j\2.0.9\jul-to-slf4j-2.0.9.jar;C:\Users\Reichi\.m2\repository\jakarta\annotation\jakarta.annotation-api\2.1.1\jakarta.annotation-api-2.1.1.jar;C:\Users\Reichi\.m2\repository\org\yaml\snakeyaml\2.2\snakeyaml-2.2.jar;C:\Users\Reichi\.m2\repository\org\springframework\boot\spring-boot-starter-json\3.2.0\spring-boot-starter-json-3.2.0.jar;C:\Users\Reichi\.m2\repository\com\fasterxml\jackson\core\jackson-databind\2.15.3\jackson-databind-2.15.3.jar;C:\Users\Reichi\.m2\repository\com\fasterxml\jackson\core\jackson-annotations\2.15.3\jackson-annotations-2.15.3.jar;C:\Users\Reichi\.m2\repository\com\fasterxml\jackson\core\jackson-core\2.15.3\jackson-core-2.15.3.jar;C:\Users\Reichi\.m2\repository\com\fasterxml\jackson\datatype\jackson-datatype-jdk8\2.15.3\jackson-datatype-jdk8-2.15.3.jar;C:\Users\Reichi\.m2\repository\com\fasterxml\jackson\datatype\jackson-datatype-jsr310\2.15.3\jackson-datatype-jsr310-2.15.3.jar;C:\Users\Reichi\.m2\repository\com\fasterxml\jackson\module\jackson-module-parameter-names\2.15.3\jackson-module-parameter-names-2.15.3.jar;C:\Users\Reichi\.m2\repository\org\springframework\boot\spring-boot-starter-tomcat\3.2.0\spring-boot-starter-tomcat-3.2.0.jar;C:\Users\Reichi\.m2\repository\org\apache\tomcat\embed\tomcat-embed-core\10.1.16\tomcat-embed-core-10.1.16.jar;C:\Users\Reichi\.m2\repository\org\apache\tomcat\embed\tomcat-embed-websocket\10.1.16\tomcat-embed-websocket-10.1.16.jar;C:\Users\Reichi\.m2\repository\org\springframework\spring-web\6.1.1\spring-web-6.1.1.jar;C:\Users\Reichi\.m2\repository\org\springframework\spring-beans\6.1.1\spring-beans-6.1.1.jar;C:\Users\Reichi\.m2\repository\io\micrometer\micrometer-observation\1.12.0\micrometer-observation-1.12.0.jar;C:\Users\Reichi\.m2\repository\io\micrometer\micrometer-commons\1.12.0\micrometer-commons-1.12.0.jar;C:\Users\Reichi\.m2\repository\org\springframework\spring-webmvc\6.1.1\spring-webmvc-6.1.1.jar;C:\Users\Reichi\.m2\repository\org\springframework\spring-aop\6.1.1\spring-aop-6.1.1.jar;C:\Users\Reichi\.m2\repository\org\springframework\spring-context\6.1.1\spring-context-6.1.1.jar;C:\Users\Reichi\.m2\repository\org\springframework\spring-expression\6.1.1\spring-expression-6.1.1.jar;C:\Users\Reichi\.m2\repository\org\springframework\boot\spring-boot-starter-data-jpa\3.2.0\spring-boot-starter-data-jpa-3.2.0.jar;C:\Users\Reichi\.m2\repository\org\springframework\boot\spring-boot-starter-aop\3.2.0\spring-boot-starter-aop-3.2.0.jar;C:\Users\Reichi\.m2\repository\org\aspectj\aspectjweaver\1.9.20.1\aspectjweaver-1.9.20.1.jar;C:\Users\Reichi\.m2\repository\org\springframework\boot\spring-boot-starter-jdbc\3.2.0\spring-boot-starter-jdbc-3.2.0.jar;C:\Users\Reichi\.m2\repository\com\zaxxer\HikariCP\5.0.1\HikariCP-5.0.1.jar;C:\Users\Reichi\.m2\repository\org\springframework\spring-jdbc\6.1.1\spring-jdbc-6.1.1.jar;C:\Users\Reichi\.m2\repository\org\hibernate\orm\hibernate-core\6.3.1.Final\hibernate-core-6.3.1.Final.jar;C:\Users\Reichi\.m2\repository\jakarta\persistence\jakarta.persistence-api\3.1.0\jakarta.persistence-api-3.1.0.jar;C:\Users\Reichi\.m2\repository\jakarta\transaction\jakarta.transaction-api\2.0.1\jakarta.transaction-api-2.0.1.jar;C:\Users\Reichi\.m2\repository\org\jboss\logging\jboss-logging\3.5.3.Final\jboss-logging-3.5.3.Final.jar;C:\Users\Reichi\.m2\repository\org\hibernate\common\hibernate-commons-annotations\6.0.6.Final\hibernate-commons-annotations-6.0.6.Final.jar;C:\Users\Reichi\.m2\repository\io\smallrye\jandex\3.1.2\jandex-3.1.2.jar;C:\Users\Reichi\.m2\repository\com\fasterxml\classmate\1.6.0\classmate-1.6.0.jar;C:\Users\Reichi\.m2\repository\net\bytebuddy\byte-buddy\1.14.10\byte-buddy-1.14.10.jar;C:\Users\Reichi\.m2\repository\org\glassfish\jaxb\jaxb-runtime\4.0.4\jaxb-runtime-4.0.4.jar;C:\Users\Reichi\.m2\repository\org\glassfish\jaxb\jaxb-core\4.0.4\jaxb-core-4.0.4.jar;C:\Users\Reichi\.m2\repository\org\eclipse\angus\angus-activation\2.0.1\angus-activation-2.0.1.jar;C:\Users\Reichi\.m2\repository\org\glassfish\jaxb\txw2\4.0.4\txw2-4.0.4.jar;C:\Users\Reichi\.m2\repository\com\sun\istack\istack-commons-runtime\4.1.2\istack-commons-runtime-4.1.2.jar;C:\Users\Reichi\.m2\repository\jakarta\inject\jakarta.inject-api\2.0.1\jakarta.inject-api-2.0.1.jar;C:\Users\Reichi\.m2\repository\org\antlr\antlr4-runtime\4.10.1\antlr4-runtime-4.10.1.jar;C:\Users\Reichi\.m2\repository\org\springframework\data\spring-data-jpa\3.2.0\spring-data-jpa-3.2.0.jar;C:\Users\Reichi\.m2\repository\org\springframework\data\spring-data-commons\3.2.0\spring-data-commons-3.2.0.jar;C:\Users\Reichi\.m2\repository\org\springframework\spring-orm\6.1.1\spring-orm-6.1.1.jar;C:\Users\Reichi\.m2\repository\org\springframework\spring-tx\6.1.1\spring-tx-6.1.1.jar;C:\Users\Reichi\.m2\repository\org\slf4j\slf4j-api\2.0.9\slf4j-api-2.0.9.jar;C:\Users\Reichi\.m2\repository\org\springframework\spring-aspects\6.1.1\spring-aspects-6.1.1.jar;C:\Users\Reichi\.m2\repository\org\springframework\boot\spring-boot-starter-validation\3.2.0\spring-boot-starter-validation-3.2.0.jar;C:\Users\Reichi\.m2\repository\org\apache\tomcat\embed\tomcat-embed-el\10.1.16\tomcat-embed-el-10.1.16.jar;C:\Users\Reichi\.m2\repository\org\hibernate\validator\hibernate-validator\8.0.1.Final\hibernate-validator-8.0.1.Final.jar;C:\Users\Reichi\.m2\repository\jakarta\validation\jakarta.validation-api\3.0.2\jakarta.validation-api-3.0.2.jar;C:\Users\Reichi\.m2\repository\com\h2database\h2\2.2.224\h2-2.2.224.jar;C:\Users\Reichi\.m2\repository\org\projectlombok\lombok\1.18.30\lombok-1.18.30.jar;C:\Users\Reichi\.m2\repository\jakarta\xml\bind\jakarta.xml.bind-api\4.0.1\jakarta.xml.bind-api-4.0.1.jar;C:\Users\Reichi\.m2\repository\jakarta\activation\jakarta.activation-api\2.1.2\jakarta.activation-api-2.1.2.jar;C:\Users\Reichi\.m2\repository\org\springframework\spring-core\6.1.1\spring-core-6.1.1.jar;C:\Users\Reichi\.m2\repository\org\springframework\spring-jcl\6.1.1\spring-jcl-6.1.1.jar
Launcher Type: SUN_STANDARD

[Global flags]
     intx CICompilerCount                          = 4                                         {product} {ergonomic}
     uint ConcGCThreads                            = 2                                         {product} {ergonomic}
     uint G1ConcRefinementThreads                  = 8                                         {product} {ergonomic}
   size_t G1HeapRegionSize                         = 1048576                                   {product} {ergonomic}
    uintx GCDrainStackTargetSize                   = 64                                        {product} {ergonomic}
   size_t InitialHeapSize                          = 125829120                                 {product} {ergonomic}
     bool ManagementServer                         = true                                      {product} {command line}
   size_t MarkStackSize                            = 4194304                                   {product} {ergonomic}
   size_t MaxHeapSize                              = 2000683008                                {product} {ergonomic}
   size_t MinHeapDeltaBytes                        = 1048576                                   {product} {ergonomic}
   size_t MinHeapSize                              = 8388608                                   {product} {ergonomic}
    uintx NonNMethodCodeHeapSize                   = 4096                                   {pd product} {ergonomic}
    uintx NonProfiledCodeHeapSize                  = 0                                      {pd product} {ergonomic}
    uintx NonProfiledHotCodeHeapSize               = 0                                         {product} {ergonomic}
     bool ProfileInterpreter                       = false                                  {pd product} {command line}
    uintx ProfiledCodeHeapSize                     = 0                                      {pd product} {ergonomic}
   size_t SoftMaxHeapSize                          = 2000683008                             {manageable} {ergonomic}
     intx TieredStopAtLevel                        = 1                                         {product} {command line}
     bool UseCompressedOops                        = true                           {product lp64_product} {ergonomic}
     bool UseG1GC                                  = true                                      {product} {ergonomic}
     bool UseLargePagesIndividualAllocation        = false                                  {pd product} {ergonomic}

Logging:
Log output configuration:
 #0: stdout all=warning uptime,level,tags foldmultilines=false
 #1: stderr all=off uptime,level,tags foldmultilines=false

Release file:
<release file has not been read>
Environment Variables:
JAVA_HOME=C:\Program Files\Java\jdk-25.0.2
PATH=C:\Program Files\apache-maven-3.9.15\apache-maven\src\bin;C:\Program Files\maven-mvnd-1.0.5-windows-amd64\bin;C:\Program Files\dotnet\;C:\Program Files (x86)\Windows Kits\10\Windows Performance Toolkit\;C:\Program Files\Docker\Docker\resources\bin;C:\Program Files\PostgreSQL\18\bin;C:\Program Files\nodejs\;C:\Users\Reichi\AppData\Local\Microsoft\WindowsApps;C:\Users\Reichi\AppData\Local\GitHubDesktop\bin;C:\Users\Reichi\AppData\Local\Microsoft\WinGet\Links;C:\Users\Reichi\AppData\Roaming\npm
USERNAME=Reichi
OS=Windows_NT
PROCESSOR_IDENTIFIER=AMD64 Family 23 Model 24 Stepping 1, AuthenticAMD
TMP=C:\Users\Reichi\AppData\Local\Temp
TEMP=C:\Users\Reichi\AppData\Local\Temp




Periodic native trim disabled

---------------  S Y S T E M  ---------------

OS:
 Windows 10 , 64 bit Build 19041 (10.0.19041.5915)
OS uptime: 0 days 2:31 hours

CPU: total 8 (initial active 8) (8 cores per cpu, 2 threads per core) family 23 model 24 stepping 1 microcode 0x0, cx8, cmov, fxsr, ht, mmx, 3dnowpref, sse, sse2, sse3, ssse3, sse4a, sse4.1, sse4.2, popcnt, lzcnt, tsc, tscinvbit, avx, avx2, aes, clmul, bmi1, bmi2, adx, sha, fma, vzeroupper, clflush, clflushopt, rdtscp, f16c
Processor Information for the first 8 processors :
  Max Mhz: 2100, Current Mhz: 2100, Mhz Limit: 2100

Memory: 4k page, system-wide physical 7627M (592M free)
TotalPageFile size 11723M (AvailPageFile size 64M)
current process WorkingSet (physical memory assigned to process): 10M, peak: 10M
current process commit charge ("private bytes"): 55M, peak: 175M

vm_info: OpenJDK 64-Bit Server VM (21.0.10.0.10) for windows-amd64 JRE (21.0.10.0.10), built on 2026-01-20T00:00:00Z by "dragonwell" with MS VC++ 17.7 (VS2022)

END.
